C:\Users\jkuppuswamy\Dropbox\Official\Technical\Git>git remote -v
origin  git@github.com:jayaku/learngit.git (fetch)
origin  git@github.com:jayaku/learngit.git (push)

$ git push -u origin master
The authenticity of host 'github.com (192.30.253.113)' can't be established.
RSA key fingerprint is SHA256:nThbg6kXUpJWGl7E1IGOCspRomTxdCARLviKw6E5SY8.
Are you sure you want to continue connecting (yes/no)? yes
Warning: Permanently added 'github.com,192.30.253.113' (RSA) to the list of known hosts.
Permission denied (publickey).
fatal: Could not read from remote repository.

Please make sure you have the correct access rights
and the repository exists.

SHA256:nThbg6kXUpJWGl7E1IGOCspRomTxdCARLviKw6E5SY8.

git init
git clone
git add origin "https://github.com/jayaku/filename.git" --see this in clone or download link
git pull
git push
git status
git commit -m "added new change"
git commit -a -m "adding 3 files"
git add -A
git log
git branch firstbranch
git checkout firstbranch
git add edu4.txt
git checkout master
git stash
git merge firstbranch
git rebase master
git checkout master
git rebase firstbranch
ssh-keygen
ssh -T git@github.com
git push origin firstbranch
git push origin master
git log
git checkout 8digits revert.txt

$ ssh-keygen
Generating public/private rsa key pair.
Enter file in which to save the key (/c/Users/jkuppuswamy/.ssh/id_rsa):
Enter passphrase (empty for no passphrase):
Enter same passphrase again:
Your identification has been saved in /c/Users/jkuppuswamy/.ssh/id_rsa.
Your public key has been saved in /c/Users/jkuppuswamy/.ssh/id_rsa.pub.
The key fingerprint is:
SHA256:K3GGYwqsNeKaZhsIvEOwTeZ+X8XdVetWhJrf2QnH1Wc INTL+jkuppuswamy@M-JKUPPUSWAMY
The key's randomart image is:
+---[RSA 2048]----+
|               .+|
|              ..E|
|. o          o.o=|
|oB     . . .oo.+.|
|+oB   = S o ..+++|
|==.o o = o    ooo|
|o=. o . o        |
|.+o. . o         |
|=..   .          |
+----[SHA256]-----+

INTL+jkuppuswamy@M-JKUPPUSWAMY MINGW64 ~/Dropbox/Official/Technical/Git (master)
$ cat /c/Users/jkuppuswamy/.ssh/id_rsa.pub
ssh-rsa AAAAB3NzaC1yc2EAAAADAQABAAABAQC3nXny2mGxt3PmfQyGyuJAlWwC4c61YJlUCSfHXCjTnyRA5bre1emmXLQxsJqGSwxLER7THKopkr4nNvT85gKZcsML1WJpbV7Qe/eA2jHHhqXnO8pSpaEedXhIfBa2/HyOL1lJ271nD5bL6akIYmvfRivZ6zgCnKqlJVcsGrbzR0bLxjxle5oIGrigT3O11095aGI9Iow+0st27TO+fJagikWmoHJXIryeUnWQImvG1PdU9eakU0YXkDOrqOJKzuMYlwtBpovtiwaL7otgwaX/sb0Os1NFbg2dnKxOtHa28GFtkX1LJaAgD/oGNlyZ+kBOPueuuY9v9VCQ0dEPJ58/ INTL+jkuppuswamy@M-JKUPPUSWAMY

INTL+jkuppuswamy@M-JKUPPUSWAMY MINGW64 ~/Dropbox/Official/Technical/Git (master)
$ ssh -T git@github.com
Hi jayaku! You've successfully authenticated, but GitHub does not provide shell access.

INTL+jkuppuswamy@M-JKUPPUSWAMY MINGW64 ~/Dropbox/Official/Technical/Git (master)
$

https://www.edureka.co/blog/git-tutorial/?utm_source=blog&utm_medium=left-menu&utm_campaign=devops-tutorial

$git config --global credential.helper wincred

Before running the Clone command, we would be running the following command to cache the Git Credentials in Windows, else whenever Git Sync/Pull/Push command is triggered, it will ask for credentials. This step can be avoided, if you are OK to provide the password every time.
